src/MainGUI.java:333: error: unclosed string literal
                    "
                    ^
src/MainGUI.java:335: error: not a statement
                    "Erro", JOptionPane.ERROR_MESSAGE);
                                       ^
src/MainGUI.java:335: error: ';' expected
                    "Erro", JOptionPane.ERROR_MESSAGE);
                                                     ^
3 errors
